\BOOKMARK [1][-]{section.1}{\376\377\000E\000x\000a\000m\000\040\000R\000e\000f\000e\000r\000e\000n\000c\000e\000\040\000a\000n\000d\000\040\000P\000r\000o\000o\000f\000\040\000T\000o\000o\000l\000k\000i\000t}{}% 1
\BOOKMARK [2][-]{subsection.1.1}{\376\377\000C\000h\000o\000o\000s\000e\000\040\000a\000\040\000t\000e\000c\000h\000n\000i\000q\000u\000e}{section.1}% 2
\BOOKMARK [2][-]{subsection.1.2}{\376\377\000W\000h\000a\000t\000\040\000e\000v\000e\000r\000y\000\040\000s\000o\000l\000u\000t\000i\000o\000n\000\040\000m\000u\000s\000t\000\040\000s\000t\000a\000t\000e}{section.1}% 3
\BOOKMARK [2][-]{subsection.1.3}{\376\377\000G\000u\000a\000r\000a\000n\000t\000e\000e\000\040\000c\000o\000n\000v\000e\000n\000t\000i\000o\000n\000s\000\040\000a\000n\000d\000\040\000r\000e\000l\000a\000x\000a\000t\000i\000o\000n\000\040\000d\000i\000r\000e\000c\000t\000i\000o\000n\000s}{section.1}% 4
\BOOKMARK [2][-]{subsection.1.4}{\376\377\000P\000r\000o\000b\000a\000b\000i\000l\000i\000t\000y\000\040\000a\000n\000d\000\040\000i\000n\000e\000q\000u\000a\000l\000i\000t\000i\000e\000s\000\040\000u\000s\000e\000d\000\040\000i\000n\000\040\000t\000h\000e\000\040\000c\000o\000u\000r\000s\000e}{section.1}% 5
\BOOKMARK [2][-]{subsection.1.5}{\376\377\000S\000m\000a\000l\000l\000\040\000c\000o\000u\000n\000t\000e\000r\000e\000x\000a\000m\000p\000l\000e\000s\000\040\000a\000n\000d\000\040\000q\000u\000a\000n\000t\000i\000f\000i\000e\000r\000s\000\040\000t\000o\000\040\000r\000e\000m\000e\000m\000b\000e\000r}{section.1}% 6
\BOOKMARK [1][-]{section.2}{\376\377\000G\000r\000e\000e\000d\000y\000\040\000A\000p\000p\000r\000o\000x\000i\000m\000a\000t\000i\000o\000n\000\040\000a\000n\000d\000\040\000S\000c\000a\000l\000i\000n\000g}{}% 7
\BOOKMARK [2][-]{subsection.2.1}{\376\377\000G\000r\000e\000e\000d\000y\000\040\000a\000l\000g\000o\000r\000i\000t\000h\000m\000s\000\040\000f\000o\000r\000\040\0000\000/\0001\000\040\000k\000n\000a\000p\000s\000a\000c\000k}{section.2}% 8
\BOOKMARK [2][-]{subsection.2.2}{\376\377\000T\000h\000e\000\040\000b\000e\000s\000t\000-\000o\000f\000-\000c\000a\000n\000d\000i\000d\000a\000t\000e\000s\000\040\000a\000r\000g\000u\000m\000e\000n\000t}{section.2}% 9
\BOOKMARK [2][-]{subsection.2.3}{\376\377\000S\000u\000b\000s\000e\000t\000\040\000s\000u\000m\000\040\000a\000n\000d\000\040\000g\000r\000o\000u\000p\000\040\000a\000d\000m\000i\000s\000s\000i\000o\000n}{section.2}% 10
\BOOKMARK [2][-]{subsection.2.4}{\376\377\000K\000n\000a\000p\000s\000a\000c\000k\000\040\000F\000P\000T\000A\000S\000:\000\040\000v\000a\000l\000u\000e\000-\000i\000n\000d\000e\000x\000e\000d\000\040\000d\000y\000n\000a\000m\000i\000c\000\040\000p\000r\000o\000g\000r\000a\000m\000m\000i\000n\000g}{section.2}% 11
\BOOKMARK [2][-]{subsection.2.5}{\376\377\000W\000e\000i\000g\000h\000t\000e\000d\000\040\000s\000e\000t\000\040\000c\000o\000v\000e\000r\000:\000\040\000g\000r\000e\000e\000d\000y\000\040\000c\000h\000a\000r\000g\000i\000n\000g}{section.2}% 12
\BOOKMARK [2][-]{subsection.2.6}{\376\377\000V\000e\000r\000t\000e\000x\000\040\000c\000o\000v\000e\000r\000\040\000f\000r\000o\000m\000\040\000a\000\040\000m\000a\000x\000i\000m\000a\000l\000\040\000m\000a\000t\000c\000h\000i\000n\000g}{section.2}% 13
\BOOKMARK [2][-]{subsection.2.7}{\376\377\000T\000r\000i\000a\000n\000g\000l\000e\000\040\000d\000e\000l\000e\000t\000i\000o\000n\000\040\000a\000n\000d\000\040\000d\000i\000s\000j\000o\000i\000n\000t\000-\000o\000b\000s\000t\000r\000u\000c\000t\000i\000o\000n\000\040\000p\000a\000c\000k\000i\000n\000g}{section.2}% 14
\BOOKMARK [1][-]{section.3}{\376\377\000M\000e\000t\000r\000i\000c\000\040\000T\000S\000P\000\040\000a\000n\000d\000\040\000E\000u\000l\000e\000r\000i\000a\000n\000\040\000S\000t\000r\000u\000c\000t\000u\000r\000e}{}% 15
\BOOKMARK [2][-]{subsection.3.1}{\376\377\000G\000e\000n\000e\000r\000a\000l\000\040\000T\000S\000P\000,\000\040\000m\000e\000t\000r\000i\000c\000\040\000T\000S\000P\000,\000\040\000a\000n\000d\000\040\000t\000h\000e\000\040\000s\000h\000o\000r\000t\000c\000u\000t\000\040\000r\000u\000l\000e}{section.3}% 16
\BOOKMARK [2][-]{subsection.3.2}{\376\377\000E\000u\000l\000e\000r\000\040\000c\000i\000r\000c\000u\000i\000t\000s\000,\000\040\000o\000p\000e\000n\000\040\000t\000r\000a\000i\000l\000s\000,\000\040\000a\000n\000d\000\040\000o\000r\000i\000e\000n\000t\000a\000t\000i\000o\000n}{section.3}% 17
\BOOKMARK [2][-]{subsection.3.3}{\376\377\000D\000o\000u\000b\000l\000e\000-\000t\000r\000e\000e\000:\000\040\000a\000\040\0002\000-\000a\000p\000p\000r\000o\000x\000i\000m\000a\000t\000i\000o\000n}{section.3}% 18
\BOOKMARK [2][-]{subsection.3.4}{\376\377\000C\000h\000r\000i\000s\000t\000o\000f\000i\000d\000e\000s\000:\000\040\000a\000\040\0003\000/\0002\000-\000a\000p\000p\000r\000o\000x\000i\000m\000a\000t\000i\000o\000n}{section.3}% 19
\BOOKMARK [2][-]{subsection.3.5}{\376\377\000H\000e\000l\000d\040\023\000K\000a\000r\000p\000\040\000e\000x\000a\000c\000t\000\040\000d\000y\000n\000a\000m\000i\000c\000\040\000p\000r\000o\000g\000r\000a\000m\000m\000i\000n\000g}{section.3}% 20
\BOOKMARK [1][-]{section.4}{\376\377\000R\000a\000n\000d\000o\000m\000i\000z\000a\000t\000i\000o\000n\000\040\000a\000n\000d\000\040\000D\000e\000r\000a\000n\000d\000o\000m\000i\000z\000a\000t\000i\000o\000n}{}% 21
\BOOKMARK [2][-]{subsection.4.1}{\376\377\000T\000h\000e\000\040\000i\000n\000d\000i\000c\000a\000t\000o\000r\000-\000v\000a\000r\000i\000a\000b\000l\000e\000\040\000p\000r\000o\000o\000f\000\040\000t\000e\000m\000p\000l\000a\000t\000e}{section.4}% 22
\BOOKMARK [2][-]{subsection.4.2}{\376\377\000W\000e\000i\000g\000h\000t\000e\000d\000\040\000M\000A\000X\000-\000C\000U\000T\000,\000\040\000M\000A\000X\000-\000k\000-\000C\000U\000T\000,\000\040\000a\000n\000d\000\040\000M\000A\000X\000-\000D\000I\000C\000U\000T}{section.4}% 23
\BOOKMARK [2][-]{subsection.4.3}{\376\377\000C\000o\000n\000d\000i\000t\000i\000o\000n\000a\000l\000\040\000e\000x\000p\000e\000c\000t\000a\000t\000i\000o\000n\000:\000\040\000h\000o\000w\000\040\000t\000o\000\040\000r\000e\000m\000o\000v\000e\000\040\000r\000a\000n\000d\000o\000m\000n\000e\000s\000s}{section.4}% 24
\BOOKMARK [2][-]{subsection.4.4}{\376\377\000W\000e\000i\000g\000h\000t\000e\000d\000\040\000M\000A\000X\000-\000S\000A\000T\000\040\000b\000y\000\040\000f\000a\000i\000r\000\040\000a\000n\000d\000\040\000b\000i\000a\000s\000e\000d\000\040\000a\000s\000s\000i\000g\000n\000m\000e\000n\000t}{section.4}% 25
\BOOKMARK [1][-]{section.5}{\376\377\000L\000i\000n\000e\000a\000r\000\040\000P\000r\000o\000g\000r\000a\000m\000m\000i\000n\000g\000\040\000a\000n\000d\000\040\000R\000o\000u\000n\000d\000i\000n\000g}{}% 26
\BOOKMARK [2][-]{subsection.5.1}{\376\377\000M\000o\000d\000e\000l\000l\000i\000n\000g\000,\000\040\000r\000e\000l\000a\000x\000a\000t\000i\000o\000n\000,\000\040\000a\000n\000d\000\040\000t\000h\000e\000\040\000d\000i\000r\000e\000c\000t\000i\000o\000n\000\040\000o\000f\000\040\000t\000h\000e\000\040\000b\000o\000u\000n\000d}{section.5}% 27
\BOOKMARK [2][-]{subsection.5.2}{\376\377\000F\000O\000L\000\040\000f\000e\000a\000s\000i\000b\000i\000l\000i\000t\000y\000\040\000a\000n\000d\000\040\000I\000L\000P\000\040\000f\000o\000r\000m\000u\000l\000a\000t\000i\000o\000n\000\040\000r\000e\000f\000e\000r\000e\000n\000c\000e}{section.5}% 28
\BOOKMARK [3][-]{subsubsection.5.2.1}{\376\377\000M\000e\000t\000r\000i\000c\000\040\000T\000S\000P}{subsection.5.2}% 29
\BOOKMARK [3][-]{subsubsection.5.2.2}{\376\377\000S\000i\000n\000g\000l\000e\000-\000m\000a\000c\000h\000i\000n\000e\000\040\000s\000c\000h\000e\000d\000u\000l\000i\000n\000g}{subsection.5.2}% 30
\BOOKMARK [3][-]{subsubsection.5.2.3}{\376\377\000P\000a\000r\000a\000l\000l\000e\000l\000-\000m\000a\000c\000h\000i\000n\000e\000\040\000s\000c\000h\000e\000d\000u\000l\000i\000n\000g}{subsection.5.2}% 31
\BOOKMARK [3][-]{subsubsection.5.2.4}{\376\377\000B\000i\000n\000\040\000p\000a\000c\000k\000i\000n\000g}{subsection.5.2}% 32
\BOOKMARK [3][-]{subsubsection.5.2.5}{\376\377\000S\000e\000t\000\040\000p\000a\000c\000k\000i\000n\000g}{subsection.5.2}% 33
\BOOKMARK [3][-]{subsubsection.5.2.6}{\376\377\000P\000r\000i\000z\000e\000-\000c\000o\000l\000l\000e\000c\000t\000i\000n\000g\000\040\000S\000t\000e\000i\000n\000e\000r\000\040\000t\000r\000e\000e}{subsection.5.2}% 34
\BOOKMARK [3][-]{subsubsection.5.2.7}{\376\377\000B\000a\000l\000a\000n\000c\000e\000d\000\040\000c\000u\000t}{subsection.5.2}% 35
\BOOKMARK [3][-]{subsubsection.5.2.8}{\376\377\000k\000-\000m\000i\000n\000i\000m\000u\000m\000\040\000s\000p\000a\000n\000n\000i\000n\000g\000\040\000t\000r\000e\000e}{subsection.5.2}% 36
\BOOKMARK [3][-]{subsubsection.5.2.9}{\376\377\000C\000a\000p\000a\000c\000i\000t\000a\000t\000e\000d\000\040\000m\000i\000n\000i\000m\000u\000m\000\040\000s\000p\000a\000n\000n\000i\000n\000g\000\040\000t\000r\000e\000e}{subsection.5.2}% 37
\BOOKMARK [3][-]{subsubsection.5.2.10}{\376\377\000F\000e\000e\000d\000b\000a\000c\000k\000\040\000v\000e\000r\000t\000e\000x\000\040\000s\000e\000t}{subsection.5.2}% 38
\BOOKMARK [3][-]{subsubsection.5.2.11}{\376\377\000S\000h\000o\000r\000t\000e\000s\000t\000\040\000s\000u\000p\000e\000r\000s\000t\000r\000i\000n\000g}{subsection.5.2}% 39
\BOOKMARK [3][-]{subsubsection.5.2.12}{\376\377\0003\000-\000d\000i\000m\000e\000n\000s\000i\000o\000n\000a\000l\000\040\000m\000a\000t\000c\000h\000i\000n\000g}{subsection.5.2}% 40
\BOOKMARK [3][-]{subsubsection.5.2.13}{\376\377\000F\000a\000i\000r\000\040\000m\000a\000t\000c\000h\000i\000n\000g\000\040\000w\000i\000t\000h\000\040\000g\000r\000o\000u\000p\000\040\000q\000u\000o\000t\000a\000s}{subsection.5.2}% 41
\BOOKMARK [3][-]{subsubsection.5.2.14}{\376\377\000C\000a\000p\000a\000c\000i\000t\000a\000t\000e\000d\000\040\000f\000a\000c\000i\000l\000i\000t\000y\000\040\000l\000o\000c\000a\000t\000i\000o\000n}{subsection.5.2}% 42
\BOOKMARK [3][-]{subsubsection.5.2.15}{\376\377\000M\000a\000x\000i\000m\000u\000m\000\040\000i\000n\000d\000e\000p\000e\000n\000d\000e\000n\000t\000\040\000s\000e\000t}{subsection.5.2}% 43
\BOOKMARK [3][-]{subsubsection.5.2.16}{\376\377\000C\000a\000p\000a\000c\000i\000t\000a\000t\000e\000d\000\040\000k\000n\000a\000p\000s\000a\000c\000k}{subsection.5.2}% 44
\BOOKMARK [3][-]{subsubsection.5.2.17}{\376\377\000H\000i\000g\000h\000e\000r\000-\000d\000i\000m\000e\000n\000s\000i\000o\000n\000a\000l\000\040\000k\000n\000a\000p\000s\000a\000c\000k}{subsection.5.2}% 45
\BOOKMARK [2][-]{subsection.5.3}{\376\377\000W\000e\000i\000g\000h\000t\000e\000d\000\040\000v\000e\000r\000t\000e\000x\000\040\000c\000o\000v\000e\000r\000:\000\040\000t\000h\000r\000e\000s\000h\000o\000l\000d\000\040\000r\000o\000u\000n\000d\000i\000n\000g}{section.5}% 46
\BOOKMARK [2][-]{subsection.5.4}{\376\377\000S\000e\000t\000\040\000c\000o\000v\000e\000r\000:\000\040\000b\000o\000u\000n\000d\000e\000d\000\040\000f\000r\000e\000q\000u\000e\000n\000c\000y}{section.5}% 47
\BOOKMARK [2][-]{subsection.5.5}{\376\377\000W\000e\000i\000g\000h\000t\000e\000d\000\040\000M\000A\000X\000-\000S\000A\000T\000:\000\040\000L\000P\000\040\000r\000o\000u\000n\000d\000i\000n\000g}{section.5}% 48
\BOOKMARK [2][-]{subsection.5.6}{\376\377\000M\000A\000X\000-\000D\000I\000C\000U\000T\000:\000\040\000t\000w\000o\000\040\0001\000/\0002\000\040\000r\000o\000u\000n\000d\000i\000n\000g\000\040\000p\000r\000o\000o\000f\000s}{section.5}% 49
\BOOKMARK [2][-]{subsection.5.7}{\376\377\000R\000a\000n\000d\000o\000m\000i\000z\000e\000d\000\040\000s\000e\000t\000\040\000c\000o\000v\000e\000r\000:\000\040\000r\000e\000p\000e\000a\000t\000\040\000u\000n\000t\000i\000l\000\040\000f\000e\000a\000s\000i\000b\000l\000e}{section.5}% 50
\BOOKMARK [1][-]{section.6}{\376\377\000N\000e\000t\000w\000o\000r\000k\000\040\000F\000l\000o\000w}{}% 51
\BOOKMARK [2][-]{subsection.6.1}{\376\377\000M\000o\000d\000e\000l\000,\000\040\000r\000e\000s\000i\000d\000u\000a\000l\000\040\000a\000r\000c\000s\000,\000\040\000a\000n\000d\000\040\000a\000u\000g\000m\000e\000n\000t\000a\000t\000i\000o\000n}{section.6}% 52
\BOOKMARK [2][-]{subsection.6.2}{\376\377\000C\000u\000t\000\040\000i\000d\000e\000n\000t\000i\000t\000i\000e\000s\000\040\000a\000n\000d\000\040\000m\000a\000x\000-\000f\000l\000o\000w\000/\000m\000i\000n\000-\000c\000u\000t}{section.6}% 53
\BOOKMARK [2][-]{subsection.6.3}{\376\377\000F\000o\000r\000d\040\023\000F\000u\000l\000k\000e\000r\000s\000o\000n\000\040\000a\000n\000d\000\040\000i\000n\000t\000e\000g\000r\000a\000l\000\040\000f\000l\000o\000w\000s}{section.6}% 54
\BOOKMARK [2][-]{subsection.6.4}{\376\377\000C\000a\000p\000a\000c\000i\000t\000y\000\040\000s\000c\000a\000l\000i\000n\000g\000:\000\040\000O\000\050\000m\000\040\000s\000q\000u\000a\000r\000e\000d\000\040\000l\000o\000g\000\040\000C\000\051}{section.6}% 55
\BOOKMARK [2][-]{subsection.6.5}{\376\377\000S\000h\000o\000r\000t\000e\000s\000t\000\040\000a\000u\000g\000m\000e\000n\000t\000i\000n\000g\000\040\000p\000a\000t\000h\000s\000:\000\040\000O\000\050\000n\000\040\000m\000\040\000s\000q\000u\000a\000r\000e\000d\000\051}{section.6}% 56
\BOOKMARK [2][-]{subsection.6.6}{\376\377\000F\000l\000o\000w\000\040\000d\000e\000c\000o\000m\000p\000o\000s\000i\000t\000i\000o\000n\000\040\000a\000n\000d\000\040\000r\000e\000d\000u\000c\000t\000i\000o\000n\000\040\000t\000e\000m\000p\000l\000a\000t\000e\000s}{section.6}% 57
\BOOKMARK [2][-]{subsection.6.7}{\376\377\000B\000i\000p\000a\000r\000t\000i\000t\000e\000\040\000m\000a\000t\000c\000h\000i\000n\000g\000:\000\040\000H\000a\000l\000l\000'\000s\000\040\000a\000n\000d\000\040\000K\001\121\000n\000i\000g\000'\000s\000\040\000t\000h\000e\000o\000r\000e\000m\000s}{section.6}% 58
\BOOKMARK [2][-]{subsection.6.8}{\376\377\000V\000e\000r\000t\000e\000x\000-\000d\000i\000s\000j\000o\000i\000n\000t\000\040\000p\000a\000t\000h\000s\000\040\000a\000n\000d\000\040\000M\000e\000n\000g\000e\000r\000'\000s\000\040\000t\000h\000e\000o\000r\000e\000m}{section.6}% 59
\BOOKMARK [2][-]{subsection.6.9}{\376\377\000L\000a\000y\000e\000r\000e\000d\000\040\000s\000c\000h\000e\000d\000u\000l\000i\000n\000g\000\040\000w\000i\000t\000h\000\040\000t\000w\000o\000\040\000q\000u\000o\000t\000a\000\040\000l\000e\000v\000e\000l\000s}{section.6}% 60
\BOOKMARK [2][-]{subsection.6.10}{\376\377\000M\000i\000n\000i\000m\000u\000m\000-\000c\000u\000t\000\040\000s\000t\000r\000u\000c\000t\000u\000r\000e\000\040\000a\000n\000d\000\040\000t\000i\000e\000-\000b\000r\000e\000a\000k\000i\000n\000g}{section.6}% 61
\BOOKMARK [1][-]{appendix.A}{\376\377\000T\000a\000r\000g\000e\000t\000e\000d\000\040\000P\000r\000a\000c\000t\000i\000c\000e\000\040\000Q\000u\000e\000s\000t\000i\000o\000n\000s}{}% 62
\BOOKMARK [2][-]{subsection.A.1}{\376\377\000Q\000u\000e\000s\000t\000i\000o\000n\000s}{appendix.A}% 63
\BOOKMARK [2][-]{subsection.A.2}{\376\377\000Q\000u\000i\000c\000k\000\040\000t\000r\000u\000e\000/\000f\000a\000l\000s\000e\000\040\000d\000r\000i\000l\000l}{appendix.A}% 64
\BOOKMARK [2][-]{subsection.A.3}{\376\377\000A\000n\000s\000w\000e\000r\000\040\000s\000k\000e\000t\000c\000h\000e\000s}{appendix.A}% 65
\BOOKMARK [2][-]{subsection.A.4}{\376\377\000T\000r\000u\000e\000/\000f\000a\000l\000s\000e\000\040\000a\000n\000s\000w\000e\000r\000s}{appendix.A}% 66
\BOOKMARK [1][-]{appendix.B}{\376\377\000B\000a\000c\000k\000g\000r\000o\000u\000n\000d\000\040\000a\000n\000d\000\040\000P\000r\000e\000r\000e\000q\000u\000i\000s\000i\000t\000e\000s}{}% 67
\BOOKMARK [2][-]{subsection.B.1}{\376\377\000P\000r\000e\000r\000e\000q\000u\000i\000s\000i\000t\000e\000\040\000m\000a\000p}{appendix.B}% 68
\BOOKMARK [2][-]{subsection.B.2}{\376\377\000T\000h\000e\000\040\000o\000p\000t\000i\000m\000i\000z\000a\000t\000i\000o\000n\000\040\000v\000i\000e\000w\000p\000o\000i\000n\000t}{appendix.B}% 69
\BOOKMARK [2][-]{subsection.B.3}{\376\377\000A\000s\000y\000m\000p\000t\000o\000t\000i\000c\000s\000,\000\040\000i\000n\000p\000u\000t\000\040\000s\000i\000z\000e\000,\000\040\000a\000n\000d\000\040\000c\000o\000s\000t\000\040\000m\000o\000d\000e\000l\000s}{appendix.B}% 70
\BOOKMARK [2][-]{subsection.B.4}{\376\377\000P\000r\000o\000o\000f\000\040\000o\000b\000l\000i\000g\000a\000t\000i\000o\000n\000s\000\040\000f\000o\000r\000\040\000a\000l\000g\000o\000r\000i\000t\000h\000m\000s}{appendix.B}% 71
\BOOKMARK [2][-]{subsection.B.5}{\376\377\000A\000l\000g\000o\000r\000i\000t\000h\000m\000-\000d\000e\000s\000i\000g\000n\000\040\000t\000o\000o\000l\000s\000\040\000r\000e\000t\000a\000i\000n\000e\000d\000\040\000f\000r\000o\000m\000\040\000C\000S\0003\0002\0003\0000}{appendix.B}% 72
\BOOKMARK [2][-]{subsection.B.6}{\376\377\000P\000r\000o\000b\000a\000b\000i\000l\000i\000t\000y\000\040\000t\000o\000o\000l\000k\000i\000t\000\040\000f\000o\000r\000\040\000r\000a\000n\000d\000o\000m\000i\000z\000e\000d\000\040\000o\000p\000t\000i\000m\000i\000z\000a\000t\000i\000o\000n}{appendix.B}% 73
\BOOKMARK [2][-]{subsection.B.7}{\376\377\000L\000o\000g\000i\000c\000\040\000a\000n\000d\000\040\000c\000o\000n\000s\000t\000r\000a\000i\000n\000t\000\040\000m\000o\000d\000e\000l\000l\000i\000n\000g\000\040\000f\000r\000o\000m\000\040\000C\000S\0004\0002\0006\0009}{appendix.B}% 74
\BOOKMARK [2][-]{subsection.B.8}{\376\377\000F\000r\000o\000m\000\040\000B\000o\000o\000l\000e\000a\000n\000\040\000c\000o\000n\000s\000t\000r\000a\000i\000n\000t\000s\000\040\000t\000o\000\040\000b\000i\000n\000a\000r\000y\000\040\000o\000p\000t\000i\000m\000i\000z\000a\000t\000i\000o\000n}{appendix.B}% 75
\BOOKMARK [2][-]{subsection.B.9}{\376\377\000C\000o\000m\000p\000l\000e\000x\000i\000t\000y\000\040\000c\000l\000a\000s\000s\000e\000s\000\040\000a\000n\000d\000\040\000r\000e\000d\000u\000c\000t\000i\000o\000n\000s}{appendix.B}% 76
\BOOKMARK [2][-]{subsection.B.10}{\376\377\000A\000\040\000c\000h\000e\000c\000k\000l\000i\000s\000t\000\040\000f\000o\000r\000\040\000t\000h\000e\000\040\000r\000e\000s\000t\000\040\000o\000f\000\040\000C\000S\0004\0002\0003\0004}{appendix.B}% 77
\BOOKMARK [1][-]{appendix.C}{\376\377\000E\000x\000t\000e\000n\000d\000e\000d\000\040\000P\000r\000o\000b\000a\000b\000i\000l\000i\000t\000y\000\040\000a\000n\000d\000\040\000M\000a\000t\000h\000e\000m\000a\000t\000i\000c\000a\000l\000\040\000R\000e\000f\000e\000r\000e\000n\000c\000e}{}% 78
\BOOKMARK [2][-]{subsection.C.1}{\376\377\000B\000a\000s\000i\000c\000\040\000P\000r\000o\000b\000a\000b\000i\000l\000i\000t\000y\000\040\000I\000d\000e\000n\000t\000i\000t\000i\000e\000s}{appendix.C}% 79
\BOOKMARK [2][-]{subsection.C.2}{\376\377\000I\000n\000d\000i\000c\000a\000t\000o\000r\000\040\000T\000r\000i\000c\000k\000\040\000\046\000\040\000L\000i\000n\000e\000a\000r\000i\000t\000y}{appendix.C}% 80
\BOOKMARK [2][-]{subsection.C.3}{\376\377\000E\000x\000p\000e\000c\000t\000a\000t\000i\000o\000n\000/\000V\000a\000r\000i\000a\000n\000c\000e\000\040\000I\000d\000e\000n\000t\000i\000t\000i\000e\000s}{appendix.C}% 81
\BOOKMARK [2][-]{subsection.C.4}{\376\377\000I\000n\000e\000q\000u\000a\000l\000i\000t\000i\000e\000s\000\040\000\050\000C\000o\000n\000c\000e\000n\000t\000r\000a\000t\000i\000o\000n\000\051}{appendix.C}% 82
\BOOKMARK [2][-]{subsection.C.5}{\376\377\000C\000o\000m\000m\000o\000n\000\040\000I\000n\000e\000q\000u\000a\000l\000i\000t\000i\000e\000s\000\040\000f\000o\000r\000\040\000M\000a\000t\000h\000e\000m\000a\000t\000i\000c\000a\000l\000\040\000P\000r\000o\000o\000f\000s}{appendix.C}% 83
\BOOKMARK [2][-]{subsection.C.6}{\376\377\000C\000o\000m\000m\000o\000n\000\040\000T\000a\000y\000l\000o\000r\000\040\000S\000e\000r\000i\000e\000s\000\040\000E\000x\000p\000a\000n\000s\000i\000o\000n\000s}{appendix.C}% 84
\BOOKMARK [2][-]{subsection.C.7}{\376\377\000C\000o\000m\000m\000o\000n\000\040\000D\000i\000s\000t\000r\000i\000b\000u\000t\000i\000o\000n\000s\000\040\000\050\000m\000e\000a\000n\000s\000/\000v\000a\000r\000s\000\051}{appendix.C}% 85
\BOOKMARK [2][-]{subsection.C.8}{\376\377\000A\000s\000y\000m\000p\000t\000o\000t\000i\000c\000\040\000A\000p\000p\000r\000o\000x\000i\000m\000a\000t\000i\000o\000n\000s}{appendix.C}% 86
\BOOKMARK [2][-]{subsection.C.9}{\376\377\000C\000l\000a\000s\000s\000i\000c\000\040\040\034\000B\000a\000l\000l\000s\000-\000i\000n\000t\000o\000-\000B\000i\000n\000s\040\035\000\040\000F\000a\000c\000t\000s}{appendix.C}% 87
\BOOKMARK [2][-]{subsection.C.10}{\376\377\000C\000o\000u\000p\000o\000n\000\040\000C\000o\000l\000l\000e\000c\000t\000o\000r}{appendix.C}% 88
\BOOKMARK [2][-]{subsection.C.11}{\376\377\000C\000o\000n\000d\000i\000t\000i\000o\000n\000i\000n\000g\000\040\000\046\000\040\000D\000e\000c\000o\000m\000p\000o\000s\000i\000t\000i\000o\000n}{appendix.C}% 89
\BOOKMARK [2][-]{subsection.C.12}{\376\377\000J\000e\000n\000s\000e\000n\000\040\000\046\000\040\000C\000o\000n\000v\000e\000x\000i\000t\000y}{appendix.C}% 90
\BOOKMARK [2][-]{subsection.C.13}{\376\377\040\034\000W\000i\000t\000h\000\040\000H\000i\000g\000h\000\040\000P\000r\000o\000b\000a\000b\000i\000l\000i\000t\000y\040\035\000\040\000\050\000w\000.\000h\000.\000p\000.\000\051}{appendix.C}% 91
\BOOKMARK [1][-]{appendix.D}{\376\377\000D\000i\000s\000c\000r\000e\000t\000e\000\040\000M\000a\000t\000h\000e\000m\000a\000t\000i\000c\000s\000\040\000R\000e\000f\000e\000r\000e\000n\000c\000e}{}% 92
\BOOKMARK [2][-]{subsection.D.1}{\376\377\000D\000i\000v\000i\000s\000i\000b\000i\000l\000i\000t\000y\000,\000\040\000G\000C\000D\000,\000\040\000a\000n\000d\000\040\000B\000\351\000z\000o\000u\000t}{appendix.D}% 93
\BOOKMARK [2][-]{subsection.D.2}{\376\377\000M\000o\000d\000u\000l\000a\000r\000\040\000A\000r\000i\000t\000h\000m\000e\000t\000i\000c\000\040\000\046\000\040\000I\000n\000v\000e\000r\000s\000e\000s}{appendix.D}% 94
\BOOKMARK [2][-]{subsection.D.3}{\376\377\000C\000h\000i\000n\000e\000s\000e\000\040\000R\000e\000m\000a\000i\000n\000d\000e\000r\000\040\000T\000h\000e\000o\000r\000e\000m\000\040\000\050\000C\000R\000T\000\051}{appendix.D}% 95
\BOOKMARK [2][-]{subsection.D.4}{\376\377\000P\000r\000i\000m\000e\000\040\000F\000a\000c\000t\000o\000r\000i\000z\000a\000t\000i\000o\000n\000\040\000F\000a\000c\000t\000s}{appendix.D}% 96
\BOOKMARK [2][-]{subsection.D.5}{\376\377\000P\000r\000i\000m\000i\000t\000i\000v\000e\000\040\000R\000o\000o\000t\000s\000\040\000\046\000\040\000O\000r\000d\000e\000r\000s}{appendix.D}% 97
\BOOKMARK [2][-]{subsection.D.6}{\376\377\000C\000o\000m\000b\000i\000n\000a\000t\000o\000r\000i\000c\000s\000\040\000M\000o\000d\000\040\000P\000r\000i\000m\000e}{appendix.D}% 98
\BOOKMARK [2][-]{subsection.D.7}{\376\377\000B\000a\000s\000e\000\040\000R\000e\000p\000r\000e\000s\000e\000n\000t\000a\000t\000i\000o\000n\000\040\000\046\000\040\000D\000i\000g\000i\000t\000\040\000P\000r\000o\000p\000e\000r\000t\000i\000e\000s}{appendix.D}% 99
\BOOKMARK [2][-]{subsection.D.8}{\376\377\000S\000i\000e\000v\000e\000\040\000\046\000\040\000M\000u\000l\000t\000i\000p\000l\000i\000c\000a\000t\000i\000v\000e\000\040\000P\000r\000e\000c\000o\000m\000p\000u\000t\000a\000t\000i\000o\000n}{appendix.D}% 100
\BOOKMARK [2][-]{subsection.D.9}{\376\377\000M\000i\000s\000c\000e\000l\000l\000a\000n\000e\000o\000u\000s\000\040\000H\000a\000n\000d\000y\000\040\000F\000a\000c\000t\000s}{appendix.D}% 101
\BOOKMARK [2][-]{subsection.D.10}{\376\377\000P\000l\000a\000n\000a\000r\000\040\000G\000r\000a\000p\000h\000:\000\040\000D\000e\000f\000i\000n\000i\000t\000i\000o\000n\000:\000\040\000K\000u\000r\000a\000t\000o\000w\000s\000k\000i\000'\000s\000\040\000t\000h\000e\000o\000r\000e\000m}{appendix.D}% 102
\BOOKMARK [1][-]{appendix.E}{\376\377\000B\000o\000o\000l\000e\000a\000n\000-\000t\000o\000-\000I\000L\000P\000\040\000E\000n\000c\000o\000d\000i\000n\000g\000\040\000R\000e\000f\000e\000r\000e\000n\000c\000e}{}% 103
\BOOKMARK [2][-]{subsection.E.1}{\376\377\000B\000i\000n\000a\000r\000y\000\040\000e\000n\000c\000o\000d\000i\000n\000g\000s\000\040\000o\000f\000\040\000l\000o\000g\000i\000c\000a\000l\000\040\000c\000o\000n\000s\000t\000r\000a\000i\000n\000t\000s}{appendix.E}% 104
\BOOKMARK [1][-]{appendix.F}{\376\377\000F\000l\000o\000w\000\040\000E\000x\000t\000e\000n\000s\000i\000o\000n\000s\000:\000\040\000L\000o\000w\000e\000r\000\040\000B\000o\000u\000n\000d\000s\000\040\000a\000n\000d\000\040\000D\000e\000m\000a\000n\000d\000s}{}% 105
\BOOKMARK [1][-]{appendix.G}{\376\377\000A\000d\000d\000i\000t\000i\000o\000n\000a\000l\000\040\000A\000l\000g\000o\000r\000i\000t\000h\000m\000\040\000E\000x\000a\000m\000p\000l\000e\000s}{}% 106
\BOOKMARK [2][-]{subsection.G.1}{\376\377\000A\000n\000\040\000i\000n\000f\000i\000n\000i\000t\000e\000\040\000F\000o\000r\000d\040\023\000F\000u\000l\000k\000e\000r\000s\000o\000n\000\040\000a\000u\000g\000m\000e\000n\000t\000a\000t\000i\000o\000n\000\040\000s\000e\000q\000u\000e\000n\000c\000e}{appendix.G}% 107
\BOOKMARK [2][-]{subsection.G.2}{\376\377\000R\000a\000n\000d\000o\000m\000-\000e\000n\000d\000p\000o\000i\000n\000t\000\040\000v\000e\000r\000t\000e\000x\000\040\000c\000o\000v\000e\000r\000:\000\040\000a\000n\000\040\000o\000p\000t\000i\000o\000n\000a\000l\000\040\000e\000x\000p\000e\000c\000t\000a\000t\000i\000o\000n\000\040\000p\000r\000o\000o\000f}{appendix.G}% 108
